

================================================================
== Vitis HLS Report for 'hardware_pid_engine'
================================================================
* Date:           Thu May  7 15:44:04 2026

* Version:        2025.2 (Build 6295257 on Nov 14 2025)
* Project:        pid_controller
* Solution:       hls (Vivado IP Flow Target)
* Product family: zynq
* Target device:  xc7z020-clg400-1


================================================================
== Performance Estimates
================================================================
+ Timing: 
    * Summary: 
    +--------+----------+----------+------------+
    |  Clock |  Target  | Estimated| Uncertainty|
    +--------+----------+----------+------------+
    |ap_clk  |  10.00 ns|  6.923 ns|     2.70 ns|
    +--------+----------+----------+------------+

+ Latency: 
    * Summary: 
    +---------+---------+-----------+----------+-----+-----+---------+
    |  Latency (cycles) |  Latency (absolute)  |  Interval | Pipeline|
    |   min   |   max   |    min    |    max   | min | max |   Type  |
    +---------+---------+-----------+----------+-----+-----+---------+
    |        8|       60|  80.000 ns|  0.600 us|    9|   61|       no|
    +---------+---------+-----------+----------+-----+-----+---------+

    + Detail: 
        * Instance: 
        N/A

        * Loop: 
        N/A



================================================================
== Utilization Estimates
================================================================
* Summary: 
+-----------------+---------+-----+--------+-------+-----+
|       Name      | BRAM_18K| DSP |   FF   |  LUT  | URAM|
+-----------------+---------+-----+--------+-------+-----+
|DSP              |        -|    -|       -|      -|    -|
|Expression       |        -|    -|       0|    966|    -|
|FIFO             |        -|    -|       -|      -|    -|
|Instance         |        0|   24|    3316|   2295|    -|
|Memory           |        -|    -|       -|      -|    -|
|Multiplexer      |        -|    -|       0|    412|    -|
|Register         |        -|    -|    1169|      -|    -|
+-----------------+---------+-----+--------+-------+-----+
|Total            |        0|   24|    4485|   3673|    0|
+-----------------+---------+-----+--------+-------+-----+
|Available        |      280|  220|  106400|  53200|    0|
+-----------------+---------+-----+--------+-------+-----+
|Utilization (%)  |        0|   10|       4|      6|    0|
+-----------------+---------+-----+--------+-------+-----+

+ Detail: 
    * Instance: 
    +------------------------------+---------------------------+---------+----+-----+-----+-----+
    |           Instance           |           Module          | BRAM_18K| DSP|  FF | LUT | URAM|
    +------------------------------+---------------------------+---------+----+-----+-----+-----+
    |CTRL_BUS_s_axi_U              |CTRL_BUS_s_axi             |        0|   0|  568|  936|    0|
    |mul_32s_32s_48_2_1_U1         |mul_32s_32s_48_2_1         |        0|   4|  165|   50|    0|
    |mul_32s_32s_48_2_1_U2         |mul_32s_32s_48_2_1         |        0|   4|  165|   50|    0|
    |mul_32s_32s_48_2_1_U3         |mul_32s_32s_48_2_1         |        0|   4|  165|   50|    0|
    |mul_32s_32s_48_2_1_U4         |mul_32s_32s_48_2_1         |        0|   4|  165|   50|    0|
    |mul_32s_32s_48_2_1_U5         |mul_32s_32s_48_2_1         |        0|   4|  165|   50|    0|
    |mul_32s_32s_48_2_1_U6         |mul_32s_32s_48_2_1         |        0|   4|  165|   50|    0|
    |sdiv_48ns_32s_32_52_seq_1_U7  |sdiv_48ns_32s_32_52_seq_1  |        0|   0|  586|  353|    0|
    |sdiv_48ns_32s_32_52_seq_1_U8  |sdiv_48ns_32s_32_52_seq_1  |        0|   0|  586|  353|    0|
    |sdiv_48ns_32s_32_52_seq_1_U9  |sdiv_48ns_32s_32_52_seq_1  |        0|   0|  586|  353|    0|
    +------------------------------+---------------------------+---------+----+-----+-----+-----+
    |Total                         |                           |        0|  24| 3316| 2295|    0|
    +------------------------------+---------------------------+---------+----+-----+-----+-----+

    * DSP: 
    N/A

    * Memory: 
    N/A

    * FIFO: 
    N/A

    * Expression: 
    +-----------------------+----------+----+---+----+------------+------------+
    |     Variable Name     | Operation| DSP| FF| LUT| Bitwidth P0| Bitwidth P1|
    +-----------------------+----------+----+---+----+------------+------------+
    |add_ln20_1_fu_444_p2   |         +|   0|  0|  39|          32|          32|
    |add_ln20_2_fu_460_p2   |         +|   0|  0|  39|          32|          32|
    |add_ln20_fu_428_p2     |         +|   0|  0|  39|          32|          32|
    |add_ln26_2_fu_562_p2   |         +|   0|  0|  32|          32|          32|
    |add_ln26_4_fu_578_p2   |         +|   0|  0|  32|          32|          32|
    |add_ln26_fu_546_p2     |         +|   0|  0|  32|          32|          32|
    |out_12_fu_567_p2       |         +|   0|  0|  32|          32|          32|
    |out_9_fu_551_p2        |         +|   0|  0|  32|          32|          32|
    |out_fu_583_p2          |         +|   0|  0|  32|          32|          32|
    |diff_1_fu_346_p2       |         -|   0|  0|  39|          32|          32|
    |diff_2_fu_419_p2       |         -|   0|  0|  39|          32|          32|
    |diff_fu_327_p2         |         -|   0|  0|  39|          32|          32|
    |err_1_fu_294_p2        |         -|   0|  0|  39|          32|          32|
    |err_2_fu_300_p2        |         -|   0|  0|  39|          32|          32|
    |err_fu_288_p2          |         -|   0|  0|  39|          32|          32|
    |icmp_ln23_fu_402_p2    |      icmp|   0|  0|  39|          32|           1|
    |icmp_ln28_1_fu_572_p2  |      icmp|   0|  0|  39|          32|          17|
    |icmp_ln28_2_fu_588_p2  |      icmp|   0|  0|  39|          32|          17|
    |icmp_ln28_fu_556_p2    |      icmp|   0|  0|  39|          32|          17|
    |icmp_ln29_1_fu_633_p2  |      icmp|   0|  0|  39|          32|          18|
    |icmp_ln29_2_fu_662_p2  |      icmp|   0|  0|  39|          32|          18|
    |icmp_ln29_fu_604_p2    |      icmp|   0|  0|  39|          32|          18|
    |out_10_fu_594_p3       |    select|   0|  0|  32|           1|          17|
    |out_11_fu_610_p3       |    select|   0|  0|  18|           1|          18|
    |out_13_fu_623_p3       |    select|   0|  0|  32|           1|          17|
    |out_14_fu_639_p3       |    select|   0|  0|  18|           1|          18|
    |out_7_fu_652_p3        |    select|   0|  0|  32|           1|          17|
    |out_8_fu_668_p3        |    select|   0|  0|  18|           1|          18|
    +-----------------------+----------+----+---+----+------------+------------+
    |Total                  |          |   0|  0| 966|         710|         691|
    +-----------------------+----------+----+---+----+------------+------------+

    * Multiplexer: 
    +--------------------+-----+-----------+-----+-----------+
    |        Name        | LUT | Input Size| Bits| Total Bits|
    +--------------------+-----+-----------+-----+-----------+
    |D_reg_211           |    9|          2|   32|         64|
    |ap_NS_fsm           |  265|         62|    1|         62|
    |cond_i2773_reg_189  |    9|          2|   32|         64|
    |cond_i6971_reg_200  |    9|          2|   32|         64|
    |grp_fu_222_p0       |   20|          4|   32|        128|
    |grp_fu_222_p1       |   20|          4|   32|        128|
    |grp_fu_226_p0       |   20|          4|   32|        128|
    |grp_fu_226_p1       |   20|          4|   32|        128|
    |grp_fu_230_p0       |   20|          4|   32|        128|
    |grp_fu_230_p1       |   20|          4|   32|        128|
    +--------------------+-----+-----------+-----+-----------+
    |Total               |  412|         92|  289|       1022|
    +--------------------+-----+-----------+-----+-----------+

    * Register: 
    +---------------------+----+----+-----+-----------+
    |         Name        | FF | LUT| Bits| Const Bits|
    +---------------------+----+----+-----+-----------+
    |D_reg_211            |  32|   0|   32|          0|
    |P_1_reg_770          |  32|   0|   32|          0|
    |P_2_reg_780          |  32|   0|   32|          0|
    |P_reg_765            |  32|   0|   32|          0|
    |a_assign_1_reg_775   |  32|   0|   32|          0|
    |a_assign_2_reg_785   |  32|   0|   32|          0|
    |add_ln20_1_reg_829   |  32|   0|   32|          0|
    |add_ln20_2_reg_834   |  32|   0|   32|          0|
    |add_ln20_reg_824     |  32|   0|   32|          0|
    |ap_CS_fsm            |  61|   0|   61|          0|
    |cond_i2773_reg_189   |  32|   0|   32|          0|
    |cond_i6971_reg_200   |  32|   0|   32|          0|
    |diff_1_reg_754       |  32|   0|   32|          0|
    |diff_2_reg_819       |  32|   0|   32|          0|
    |diff_reg_743         |  32|   0|   32|          0|
    |dt_read_reg_681      |  32|   0|   32|          0|
    |err_1_reg_709        |  32|   0|   32|          0|
    |err_2_reg_716        |  32|   0|   32|          0|
    |err_reg_702          |  32|   0|   32|          0|
    |icmp_ln23_reg_805    |   1|   0|    1|          0|
    |icmp_ln28_1_reg_906  |   1|   0|    1|          0|
    |icmp_ln28_2_reg_916  |   1|   0|    1|          0|
    |icmp_ln28_reg_896    |   1|   0|    1|          0|
    |kd_read_reg_687      |  32|   0|   32|          0|
    |ki_read_reg_692      |  32|   0|   32|          0|
    |kp_read_reg_697      |  32|   0|   32|          0|
    |out_12_reg_901       |  32|   0|   32|          0|
    |out_9_reg_891        |  32|   0|   32|          0|
    |out_reg_911          |  32|   0|   32|          0|
    |pitch_st_integ       |  32|   0|   32|          0|
    |pitch_st_last_err    |  32|   0|   32|          0|
    |reg_276              |  32|   0|   32|          0|
    |reg_280              |  32|   0|   32|          0|
    |reg_284              |  32|   0|   32|          0|
    |roll_st_integ        |  32|   0|   32|          0|
    |roll_st_last_err     |  32|   0|   32|          0|
    |sext_ln7_4_reg_795   |  48|   0|   48|          0|
    |yaw_st_integ         |  32|   0|   32|          0|
    |yaw_st_last_err      |  32|   0|   32|          0|
    +---------------------+----+----+-----+-----------+
    |Total                |1169|   0| 1169|          0|
    +---------------------+----+----+-----+-----------+



================================================================
== Interface
================================================================
* Summary: 
+------------------------+-----+-----+------------+---------------------+--------------+
|        RTL Ports       | Dir | Bits|  Protocol  |    Source Object    |    C Type    |
+------------------------+-----+-----+------------+---------------------+--------------+
|s_axi_CTRL_BUS_AWVALID  |   in|    1|       s_axi|             CTRL_BUS|       pointer|
|s_axi_CTRL_BUS_AWREADY  |  out|    1|       s_axi|             CTRL_BUS|       pointer|
|s_axi_CTRL_BUS_AWADDR   |   in|    8|       s_axi|             CTRL_BUS|       pointer|
|s_axi_CTRL_BUS_WVALID   |   in|    1|       s_axi|             CTRL_BUS|       pointer|
|s_axi_CTRL_BUS_WREADY   |  out|    1|       s_axi|             CTRL_BUS|       pointer|
|s_axi_CTRL_BUS_WDATA    |   in|   32|       s_axi|             CTRL_BUS|       pointer|
|s_axi_CTRL_BUS_WSTRB    |   in|    4|       s_axi|             CTRL_BUS|       pointer|
|s_axi_CTRL_BUS_ARVALID  |   in|    1|       s_axi|             CTRL_BUS|       pointer|
|s_axi_CTRL_BUS_ARREADY  |  out|    1|       s_axi|             CTRL_BUS|       pointer|
|s_axi_CTRL_BUS_ARADDR   |   in|    8|       s_axi|             CTRL_BUS|       pointer|
|s_axi_CTRL_BUS_RVALID   |  out|    1|       s_axi|             CTRL_BUS|       pointer|
|s_axi_CTRL_BUS_RREADY   |   in|    1|       s_axi|             CTRL_BUS|       pointer|
|s_axi_CTRL_BUS_RDATA    |  out|   32|       s_axi|             CTRL_BUS|       pointer|
|s_axi_CTRL_BUS_RRESP    |  out|    2|       s_axi|             CTRL_BUS|       pointer|
|s_axi_CTRL_BUS_BVALID   |  out|    1|       s_axi|             CTRL_BUS|       pointer|
|s_axi_CTRL_BUS_BREADY   |   in|    1|       s_axi|             CTRL_BUS|       pointer|
|s_axi_CTRL_BUS_BRESP    |  out|    2|       s_axi|             CTRL_BUS|       pointer|
|ap_clk                  |   in|    1|  ap_ctrl_hs|  hardware_pid_engine|  return value|
|ap_rst_n                |   in|    1|  ap_ctrl_hs|  hardware_pid_engine|  return value|
|interrupt               |  out|    1|  ap_ctrl_hs|  hardware_pid_engine|  return value|
+------------------------+-----+-----+------------+---------------------+--------------+

