================================================================
== Design Size Report
================================================================

* Total Instructions per Compilation Phase
+---------------+----------------------------+--------------+----------------------------------------------------------------------------------------+
| Phase         | Step                       | Instructions | Description                                                                            |
+---------------+----------------------------+--------------+----------------------------------------------------------------------------------------+
| Compile/Link  |                            | 205          | After all functions are compiled and linked into a single design                       |
|               |                            |              |                                                                                        |
| Unroll/Inline |                            |              | After user unroll and inline pragmas are applied                                       |
|               | (1) unroll                 | 190          | user unroll pragmas are applied                                                        |
|               | (2) simplification         | 175          | simplification of applied user unroll pragmas                                          |
|               | (3) inline                 | 145          | user inline pragmas are applied                                                        |
|               | (4) simplification         | 131          | simplification of applied user inline pragmas                                          |
|               |                            |              |                                                                                        |
| Array/Struct  |                            |              | After user array partition and struct aggregate/disaggregate pragmas are applied       |
|               | (1) array partition        | 125          | user array partition pragmas are applied                                               |
|               | (2) simplification         | 125          | simplification of applied user array partition & struct aggregate/disaggregate pragmas |
|               | (3) aggregate/disaggregate | 125          | user struct aggregate/disaggregate pragmas are applied                                 |
|               | (4) array reshape          | 125          | apply array reshape pragmas                                                            |
|               | (5) access patterns        | 125          | array access pattern optmizations                                                      |
|               |                            |              |                                                                                        |
| Performance   |                            |              | After transformations are applied to meet performance pragma targets                   |
|               | (1) loop simplification    | 125          | loop and instruction simplification                                                    |
|               | (2) parallelization        | 125          | loops are unrolled or pipelined to meet performance targets                            |
|               | (3) array partition        | 125          | arrays are partitioned to meet performance targets                                     |
|               | (4) simplification         | 125          | simplification of design after performance transformations                             |
|               |                            |              |                                                                                        |
| HW Transforms |                            |              | After hardware transfomations                                                          |
|               | (1) lowering               | 153          | initial conversion to HW specific instructions                                         |
|               | (2) optimizations          | 154          | high level synthesis optimizations                                                     |
+---------------+----------------------------+--------------+----------------------------------------------------------------------------------------+

* Instructions per Function for each Compilation Phase
+-----------------------+------------+----------------+---------------+--------------+-------------+---------------+
| Function              | Location   | Compile/Link   | Unroll/Inline | Array/Struct | Performance | HW Transforms |
+-----------------------+------------+----------------+---------------+--------------+-------------+---------------+
| + hardware_pid_engine | pid.cpp:34 | 205            | 131           | 125          | 125         | 154           |
|  + run_pid            | pid.cpp:15 | 183 (3 calls)  |               |              |             |               |
|     q16_mul_hls       | pid.cpp:6  |  72 (12 calls) |               |              |             |               |
+-----------------------+------------+----------------+---------------+--------------+-------------+---------------+

* Design Size Message Settings
+---------------------------------------------+--------+------------------------------------------------------------------+
| Message Setting                             | Value  | Description                                                      |
+---------------------------------------------+--------+------------------------------------------------------------------+
| config_compile -design_size_maximum_warning | 100000 | Show a warning when total design instructions exceeds this value |
+---------------------------------------------+--------+------------------------------------------------------------------+


